27:56.959000-2775027994,DBMSSQL,4,process=rphost,p:processName=bespalov_trade,OSThread=688,t:clientID=21,t:applicationName=1CV8,t:computerName=bespalovav,t:connectID=17448,SessionID=4,Usr=БеспаловАВ,AppID=1CV8,DBMS=DBMSSQL,DataBase=localhost\bespalov_trade,Trans=0,dbpid=81,Sql='INSERT INTO #tt2 WITH(TABLOCK) (_Q_000_F_000, _Q_000_F_001, _Q_000_F_002TRef, _Q_000_F_002RRef, _Q_000_F_003RRef, _Q_000_F_004RRef, _Q_000_F_005RRef, _Q_000_F_006RRef, _Q_000_F_007RRef, _Q_000_F_008RRef, _Q_000_F_009RRef, _Q_000_F_010_TYPE, _Q_000_F_010_RTRef, _Q_000_F_010_RRRef, _Q_000_F_011, _Q_000_F_012, _Q_000_F_013, _Q_000_F_014RRef, _Q_000_F_015, _Q_000_F_016, _Q_000_F_017, _Q_000_F_018, _Q_000_F_019, _Q_000_F_020RRef)